Microchip MPLAB XC8 Compiler V1.45 ()

Linker command line:

-W-3 --edf=C:\Program Files (x86)\Microchip\xc8\v1.45\dat\en_msgs.txt -cs \
  -h+dist/default/production\pwm_asl.X.production.sym \
  --cmf=dist/default/production\pwm_asl.X.production.cmf -z -Q18F4620 \
  -oC:\Users\DELL\AppData\Local\Temp\slko.2 \
  -Mdist/default/production/pwm_asl.X.production.map -E1 -ver=XC8 \
  --acfsm=1493 -ASTACK=0160h-0f7fh -pstack=STACK -ACODE=00h-0FFFFh \
  -ACONST=00h-0FFFFh -ASMALLCONST=01000h-010FFhx240 \
  -AMEDIUMCONST=01000h-0FFFFh -ACOMRAM=01h-07Fh -AABS1=00h-0F7Fh \
  -ABIGRAM=01h-0F7Fh -ARAM=080h-0FFh,0100h-01FFhx14,0F00h-0F7Fh \
  -ABANK0=080h-0FFh -ABANK1=0100h-01FFh -ABANK2=0200h-02FFh \
  -ABANK3=0300h-03FFh -ABANK4=0400h-04FFh -ABANK5=0500h-05FFh \
  -ABANK6=0600h-06FFh -ABANK7=0700h-07FFh -ABANK8=0800h-08FFh \
  -ABANK9=0900h-09FFh -ABANK10=0A00h-0AFFh -ABANK11=0B00h-0BFFh \
  -ABANK12=0C00h-0CFFh -ABANK13=0D00h-0DFFh -ABANK14=0E00h-0EFFh \
  -ABANK15=0F00h-0F7Fh -ASFR=0F80h-0FFFh \
  -preset_vec=00h,intcode=08h,intcodelo,powerup,init -pramtop=01000h \
  -psmallconst=SMALLCONST -pmediumconst=MEDIUMCONST -pconst=CONST \
  -AFARRAM=00h-00h -ACONFIG=0300000h-030000Dh -pconfig=CONFIG \
  -AIDLOC=0200000h-0200007h -pidloc=IDLOC -AEEDATA=0F00000h-0F003FFh \
  -peeprom_data=EEDATA \
  -prdata=COMRAM,nvrram=COMRAM,nvbit=COMRAM,rbss=COMRAM,rbit=COMRAM \
  -pfarbss=FARRAM,fardata=FARRAM,nvFARRAM=FARRAM \
  -pintsave_regs=BIGRAM,bigbss=BIGRAM,bigdata=BIGRAM -pbss=RAM \
  -pidata=CODE,irdata=CODE,ibigdata=CODE,ifardata=CODE -prparam=COMRAM \
  C:\Users\DELL\AppData\Local\Temp\slko.obj \
  dist/default/production\pwm_asl.X.production.obj 

Object code version is 3.11

Machine type is 18F4620

Call graph: (short form)




                Name                               Link     Load   Length Selector   Space Scale
C:\Users\DELL\AppData\Local\Temp\slko.obj
                init                                  E        E        4        4       0
                reset_vec                             0        0        4        0       0
                idloc                            200000   200000        8   200000       0
                config                           300000   300000        E   300000       0
dist/default/production\pwm_asl.X.production.obj
                intcode                               8        8        6        4       0
                temp                                 69       69        1        1       1
                smallconst                         1000     1000       FE      800       0
                text46                             3A86     3A86       B8      87F       0
                text45                             424A     424A        A      87F       0
                text44                             4132     4132       26      87F       0
                text43                             423E     423E        C      87F       0
                text42                             37C0     37C0      114      87F       0
                text41                             410C     410C       26      87F       0
                intcode_body                       39B2     39B2       D4      87F       0
                text39                             40E6     40E6       26      87F       0
                text38                             319A     319A      15C      87F       0
                text37                             419E     419E       22      87F       0
                text36                             4232     4232        C      87F       0
                text35                             41FC     41FC       1A      87F       0
                text34                             4226     4226        C      87F       0
                text33                             40C0     40C0       26      87F       0
                text32                             4042     4042       2E      87F       0
                text31                             417C     417C       22      87F       0
                text30                             3F50     3F50       48      87F       0
                text29                             3D9C     3D9C       62      87F       0
                text28                             3F98     3F98       42      87F       0
                text27                             3EB2     3EB2       56      87F       0
                text26                             3E5C     3E5C       56      87F       0
                text25                             2C54     2C54      2B4      87F       0
                text24                             409A     409A       26      87F       0
                text23                             32F6     32F6      150      87F       0
                text22                             3FDA     3FDA       3A      87F       0
                text21                             3C44     3C44       82      87F       0
                text20                             4216     4216       10      87F       0
                text19                             4070     4070       2A      87F       0
                text18                             41DE     41DE       1E      87F       0
                text17                             4158     4158       24      87F       0
                text16                             36A0     36A0      120      87F       0
                text15                             4014     4014       2E      87F       0
                text14                             2916     2916      33E      87F       0
                text13                             3F08     3F08       48      87F       0
                text12                             38D4     38D4       DE      87F       0
                text11                             3BC2     3BC2       82      87F       0
                text10                             3D36     3D36       66      87F       0
                text9                              3578     3578      128      87F       0
                text8                              3446     3446      132      87F       0
                text7                              3B3E     3B3E       84      87F       0
                text6                              3CC6     3CC6       70      87F       0
                text5                              25C4     25C4      352      87F       0
                text4                              2F08     2F08      292      87F       0
                text3                              41C0     41C0       1E      87F       0
                text2                              2174     2174      450      87F       0
                text1                              10FE     10FE      9A8      87F       0
                text0                              1AA6     1AA6      6CE      87F       0
                cstackCOMRAM                          1        1       55        1       1
                cstackBANK0                          80       80       5B       80       1
                cstackBANK1                         100      100       54      100       1
                dataBANK1                           15E      15E        2      100       1
                bssBANK1                            154      154        A      100       1
                dataBANK0                            DB       DB        4       80       1
                bssCOMRAM                            56       56       13        1       1
                cinit                              3DFE     3DFE       5E      87F       0
                idataBANK1                         4258     4258        2      87F       0
                idataBANK0                         4254     4254        4      87F       0

TOTAL           Name                               Link     Load   Length     Space
        CLASS   STACK          

        CLASS   CODE           
                intcode                               8        8        6         0
                init                                  E        E        4         0
                reset_vec                             0        0        4         0
                text46                             3A86     3A86       B8         0
                text45                             424A     424A        A         0
                text44                             4132     4132       26         0
                text43                             423E     423E        C         0
                text42                             37C0     37C0      114         0
                text41                             410C     410C       26         0
                intcode_body                       39B2     39B2       D4         0
                text39                             40E6     40E6       26         0
                text38                             319A     319A      15C         0
                text37                             419E     419E       22         0
                text36                             4232     4232        C         0
                text35                             41FC     41FC       1A         0
                text34                             4226     4226        C         0
                text33                             40C0     40C0       26         0
                text32                             4042     4042       2E         0
                text31                             417C     417C       22         0
                text30                             3F50     3F50       48         0
                text29                             3D9C     3D9C       62         0
                text28                             3F98     3F98       42         0
                text27                             3EB2     3EB2       56         0
                text26                             3E5C     3E5C       56         0
                text25                             2C54     2C54      2B4         0
                text24                             409A     409A       26         0
                text23                             32F6     32F6      150         0
                text22                             3FDA     3FDA       3A         0
                text21                             3C44     3C44       82         0
                text20                             4216     4216       10         0
                text19                             4070     4070       2A         0
                text18                             41DE     41DE       1E         0
                text17                             4158     4158       24         0
                text16                             36A0     36A0      120         0
                text15                             4014     4014       2E         0
                text14                             2916     2916      33E         0
                text13                             3F08     3F08       48         0
                text12                             38D4     38D4       DE         0
                text11                             3BC2     3BC2       82         0
                text10                             3D36     3D36       66         0
                text9                              3578     3578      128         0
                text8                              3446     3446      132         0
                text7                              3B3E     3B3E       84         0
                text6                              3CC6     3CC6       70         0
                text5                              25C4     25C4      352         0
                text4                              2F08     2F08      292         0
                text3                              41C0     41C0       1E         0
                text2                              2174     2174      450         0
                text1                              10FE     10FE      9A8         0
                text0                              1AA6     1AA6      6CE         0
                cinit                              3DFE     3DFE       5E         0
                idataBANK1                         4258     4258        2         0
                idataBANK0                         4254     4254        4         0

        CLASS   CONST          

        CLASS   SMALLCONST     
                smallconst                         1000     1000       FE         0

        CLASS   MEDIUMCONST    

        CLASS   COMRAM         
                temp                                 69       69        1         1
                cstackCOMRAM                          1        1       55         1
                bssCOMRAM                            56       56       13         1

        CLASS   ABS1           

        CLASS   BIGRAM         

        CLASS   RAM            

        CLASS   BANK0          
                cstackBANK0                          80       80       5B         1
                dataBANK0                            DB       DB        4         1

        CLASS   BANK1          
                cstackBANK1                         100      100       54         1
                dataBANK1                           15E      15E        2         1
                bssBANK1                            154      154        A         1

        CLASS   BANK2          

        CLASS   BANK3          

        CLASS   BANK4          

        CLASS   BANK5          

        CLASS   BANK6          

        CLASS   BANK7          

        CLASS   BANK8          

        CLASS   BANK9          

        CLASS   BANK10         

        CLASS   BANK11         

        CLASS   BANK12         

        CLASS   BANK13         

        CLASS   BANK14         

        CLASS   BANK15         

        CLASS   SFR            

        CLASS   FARRAM         

        CLASS   CONFIG         
                config                           300000   300000        E         0

        CLASS   IDLOC          
                idloc                            200000   200000        8         0

        CLASS   EEDATA         



SEGMENTS        Name                           Load    Length   Top    Selector   Space  Class

                reset_vec                      000000  000004  000004         0       0  CODE    
                cstackCOMRAM                   000001  000069  00006A         1       1  COMRAM  
                intcode                        000008  00000A  000012         4       0  CODE    
                cstackBANK0                    000080  00005F  0000DF        80       1  BANK0   
                cstackBANK1                    000100  000060  000160       100       1  BANK1   
                smallconst                     001000  0000FE  0010FE       800       0  SMALLCON
                text1                          0010FE  00315C  00425A       87F       0  CODE    
                idloc                          200000  000008  200008    200000       0  IDLOC   
                config                         300000  00000E  30000E    300000       0  CONFIG  


UNUSED ADDRESS RANGES

        Name                Unused          Largest block    Delta
        BANK0            0000DF-0000FF               21
        BANK1            000160-0001FF               A0
        BANK10           000A00-000AFF              100
        BANK11           000B00-000BFF              100
        BANK12           000C00-000CFF              100
        BANK13           000D00-000DFF              100
        BANK14           000E00-000EFF              100
        BANK15           000F00-000F7F               80
        BANK2            000200-0002FF              100
        BANK3            000300-0003FF              100
        BANK4            000400-0004FF              100
        BANK5            000500-0005FF              100
        BANK6            000600-0006FF              100
        BANK7            000700-0007FF              100
        BANK8            000800-0008FF              100
        BANK9            000900-0009FF              100
        BIGRAM           00006A-00007F               16
                         0000DF-0000FF               21
                         000160-000F7F              E20
        CODE             000004-000007                4
                         000012-000FFF              FEE
                         00425A-00FFFF             BDA6
        COMRAM           00006A-00007F               16
        CONST            000004-000007                4
                         000012-000FFF              FEE
                         00425A-00FFFF             BDA6
        EEDATA           F00000-F003FF              400
        MEDIUMCONST      00425A-00FFFF             BDA6
        RAM              0000DF-0000FF               21
                         000160-000F7F              100
        SFR              000F80-000FFF               80
        SMALLCONST       00425A-00FFFF              100
        STACK            000160-000F7F              E20

                                  Symbol Table

?___awdiv                     cstackCOMRAM 00001D
?___awmod                     cstackCOMRAM 000017
?___fladd                     cstackBANK0  000096
?___fldiv                     cstackCOMRAM 00002B
?___flmul                     cstackCOMRAM 000044
?___flneg                     cstackCOMRAM 000017
?___flsub                     cstackBANK0  0000AA
?___fltol                     cstackBANK0  000092
?___lldiv                     cstackCOMRAM 000017
?___llmod                     cstackCOMRAM 000017
?___wmul                      cstackCOMRAM 000017
?___xxtofl                    cstackCOMRAM 00001D
?__div_to_l_                  cstackCOMRAM 000017
?__tdiv_to_l_                 cstackCOMRAM 000017
?_fround                      cstackCOMRAM 000050
?_read_adc_raw_no_lib         cstackCOMRAM 000017
?_read_adc_voltage            cstackCOMRAM 000044
?_scale                       cstackCOMRAM 000050
?_sprintf                     cstackBANK0  0000B2
_ADCON0                       (abs)        000FC2
_ADCON0bits                   (abs)        000FC2
_ADCON1                       (abs)        000FC1
_ADCON2                       (abs)        000FC0
_ADRESH                       (abs)        000FC4
_ADRESL                       (abs)        000FC3
_BAUDCONbits                  (abs)        000FB8
_CCP1CON                      (abs)        000FBD
_CCP1CONbits                  (abs)        000FBD
_CCPR1L                       (abs)        000FBE
_F                            bssCOMRAM    00005A
_H                            bssCOMRAM    000058
_INTCONbits                   (abs)        000FF2
_LCD_INIT_STRING              dataBANK0    0000DB
_O                            bssCOMRAM    000056
_PIE1bits                     (abs)        000F9D
_PIE2                         (abs)        000FA0
_PIR1                         (abs)        000F9E
_PIR1bits                     (abs)        000F9E
_PORTA                        (abs)        000F80
_PORTB                        (abs)        000F81
_PORTBbits                    (abs)        000F81
_PORTCbits                    (abs)        000F82
_PORTD                        (abs)        000F83
_PORTDbits                    (abs)        000F83
_PORTEbits                    (abs)        000F84
_PR2                          (abs)        000FCB
_RCREG                        (abs)        000FAE
_RCSTA                        (abs)        000FAB
_RCSTAbits                    (abs)        000FAB
_RPS_count                    bssCOMRAM    000064
_RX_isr                       text46       003A86
_RecvedChar                   bssCOMRAM    000068
_SPBRG                        (abs)        000FAF
_SPBRGH                       (abs)        000FB0
_T0CON                        (abs)        000FD5
_T0CONbits                    (abs)        000FD5
_T1CON                        (abs)        000FCD
_T1CONbits                    (abs)        000FCD
_T2CON                        (abs)        000FCA
_T2CONbits                    (abs)        000FCA
_TMR0H                        (abs)        000FD7
_TMR0L                        (abs)        000FD6
_TMR1H                        (abs)        000FCF
_TMR1L                        (abs)        000FCE
_TRISA                        (abs)        000F92
_TRISB                        (abs)        000F93
_TRISC                        (abs)        000F94
_TRISCbits                    (abs)        000F94
_TRISD                        (abs)        000F95
_TRISE                        (abs)        000F96
_TXREG                        (abs)        000FAD
_TXSTA                        (abs)        000FAC
_TXSTAbits                    (abs)        000FAC
_Timer0_isr                   text44       004132
_Timer1_isr                   text42       0037C0
__CFG_BOREN$SBORDIS           (abs)        000000
__CFG_BORV$3                  (abs)        000000
__CFG_CCP2MX$PORTC            (abs)        000000
__CFG_CP0$OFF                 (abs)        000000
__CFG_CP1$OFF                 (abs)        000000
__CFG_CP2$OFF                 (abs)        000000
__CFG_CP3$OFF                 (abs)        000000
__CFG_CPB$OFF                 (abs)        000000
__CFG_CPD$OFF                 (abs)        000000
__CFG_EBTR0$OFF               (abs)        000000
__CFG_EBTR1$OFF               (abs)        000000
__CFG_EBTR2$OFF               (abs)        000000
__CFG_EBTR3$OFF               (abs)        000000
__CFG_EBTRB$OFF               (abs)        000000
__CFG_FCMEN$OFF               (abs)        000000
__CFG_IESO$OFF                (abs)        000000
__CFG_LPT1OSC$OFF             (abs)        000000
__CFG_LVP$ON                  (abs)        000000
__CFG_MCLRE$ON                (abs)        000000
__CFG_OSC$XT                  (abs)        000000
__CFG_PBADEN$ON               (abs)        000000
__CFG_PWRT$OFF                (abs)        000000
__CFG_STVREN$ON               (abs)        000000
__CFG_WDT$ON                  (abs)        000000
__CFG_WDTPS$32768             (abs)        000000
__CFG_WRT0$OFF                (abs)        000000
__CFG_WRT1$OFF                (abs)        000000
__CFG_WRT2$OFF                (abs)        000000
__CFG_WRT3$OFF                (abs)        000000
__CFG_WRTB$OFF                (abs)        000000
__CFG_WRTC$OFF                (abs)        000000
__CFG_WRTD$OFF                (abs)        000000
__CFG_XINST$OFF               (abs)        000000
__HRAM                        (abs)        000000
__Habs1                       abs1         000000
__Hbank0                      bank0        000000
__Hbank1                      bank1        000000
__Hbank10                     bank10       000000
__Hbank11                     bank11       000000
__Hbank12                     bank12       000000
__Hbank13                     bank13       000000
__Hbank14                     bank14       000000
__Hbank15                     bank15       000000
__Hbank2                      bank2        000000
__Hbank3                      bank3        000000
__Hbank4                      bank4        000000
__Hbank5                      bank5        000000
__Hbank6                      bank6        000000
__Hbank7                      bank7        000000
__Hbank8                      bank8        000000
__Hbank9                      bank9        000000
__Hbigbss                     bigbss       000000
__Hbigdata                    bigdata      000000
__Hbigram                     bigram       000000
__Hbss                        bss          000000
__HbssBANK1                   bssBANK1     000000
__HbssCOMRAM                  bssCOMRAM    000000
__Hcinit                      cinit        000000
__Hclrtext                    clrtext      000000
__Hcomram                     comram       000000
__Hconfig                     config       30000E
__Hconst                      const        000000
__HcstackBANK0                cstackBANK0  000000
__HcstackBANK1                cstackBANK1  000000
__HcstackCOMRAM               cstackCOMRAM 000000
__Hdata                       data         000000
__HdataBANK0                  dataBANK0    000000
__HdataBANK1                  dataBANK1    000000
__Heeprom_data                eeprom_data  000000
__Hfarbss                     farbss       000000
__Hfardata                    fardata      000000
__Hibigdata                   ibigdata     000000
__Hidata                      idata        000000
__HidataBANK0                 idataBANK0   000000
__HidataBANK1                 idataBANK1   000000
__Hidloc                      idloc        200008
__Hifardata                   ifardata     000000
__Hinit                       init         000012
__Hintcode                    intcode      00000E
__Hintcode_body               intcode_body 000000
__Hintcodelo                  intcodelo    00000E
__Hintentry                   intentry     000000
__Hintret                     intret       000000
__Hintsave_regs               intsave_regs 000000
__Hirdata                     irdata       000000
__Hmediumconst                mediumconst  000000
__HnvFARRAM                   nvFARRAM     000000
__Hnvbit                      nvbit        000000
__Hnvrram                     nvrram       000000
__Hparam                      rparam       000000
__Hpowerup                    powerup      00000E
__Hram                        ram          000000
__Hramtop                     ramtop       001000
__Hrbit                       rbit         000000
__Hrbss                       rbss         000000
__Hrdata                      rdata        000000
__Hreset_vec                  reset_vec    000004
__Hrparam                     rparam       000000
__Hsfr                        sfr          000000
__Hsmallconst                 smallconst   0010FE
__Hspace_0                    (abs)        30000E
__Hspace_1                    (abs)        000160
__Hspace_2                    (abs)        000000
__Hstack                      stack        000000
__Hstruct                     struct       000000
__Htemp                       temp         00006A
__Htext                       text         000000
__Htext0                      text0        000000
__Htext1                      text1        000000
__Htext10                     text10       000000
__Htext11                     text11       000000
__Htext12                     text12       000000
__Htext13                     text13       000000
__Htext14                     text14       000000
__Htext15                     text15       000000
__Htext16                     text16       000000
__Htext17                     text17       000000
__Htext18                     text18       000000
__Htext19                     text19       000000
__Htext2                      text2        000000
__Htext20                     text20       000000
__Htext21                     text21       000000
__Htext22                     text22       000000
__Htext23                     text23       000000
__Htext24                     text24       000000
__Htext25                     text25       000000
__Htext26                     text26       000000
__Htext27                     text27       000000
__Htext28                     text28       000000
__Htext29                     text29       000000
__Htext3                      text3        000000
__Htext30                     text30       000000
__Htext31                     text31       000000
__Htext32                     text32       000000
__Htext33                     text33       000000
__Htext34                     text34       000000
__Htext35                     text35       000000
__Htext36                     text36       000000
__Htext37                     text37       000000
__Htext38                     text38       000000
__Htext39                     text39       000000
__Htext4                      text4        000000
__Htext41                     text41       000000
__Htext42                     text42       000000
__Htext43                     text43       000000
__Htext44                     text44       000000
__Htext45                     text45       000000
__Htext46                     text46       000000
__Htext5                      text5        000000
__Htext6                      text6        000000
__Htext7                      text7        000000
__Htext8                      text8        000000
__Htext9                      text9        000000
__LRAM                        (abs)        000001
__Labs1                       abs1         000000
__Lbank0                      bank0        000000
__Lbank1                      bank1        000000
__Lbank10                     bank10       000000
__Lbank11                     bank11       000000
__Lbank12                     bank12       000000
__Lbank13                     bank13       000000
__Lbank14                     bank14       000000
__Lbank15                     bank15       000000
__Lbank2                      bank2        000000
__Lbank3                      bank3        000000
__Lbank4                      bank4        000000
__Lbank5                      bank5        000000
__Lbank6                      bank6        000000
__Lbank7                      bank7        000000
__Lbank8                      bank8        000000
__Lbank9                      bank9        000000
__Lbigbss                     bigbss       000000
__Lbigdata                    bigdata      000000
__Lbigram                     bigram       000000
__Lbss                        bss          000000
__LbssBANK1                   bssBANK1     000000
__LbssCOMRAM                  bssCOMRAM    000000
__Lcinit                      cinit        000000
__Lclrtext                    clrtext      000000
__Lcomram                     comram       000000
__Lconfig                     config       300000
__Lconst                      const        000000
__LcstackBANK0                cstackBANK0  000000
__LcstackBANK1                cstackBANK1  000000
__LcstackCOMRAM               cstackCOMRAM 000000
__Ldata                       data         000000
__LdataBANK0                  dataBANK0    000000
__LdataBANK1                  dataBANK1    000000
__Leeprom_data                eeprom_data  000000
__Lfarbss                     farbss       000000
__Lfardata                    fardata      000000
__Libigdata                   ibigdata     000000
__Lidata                      idata        000000
__LidataBANK0                 idataBANK0   000000
__LidataBANK1                 idataBANK1   000000
__Lidloc                      idloc        200000
__Lifardata                   ifardata     000000
__Linit                       init         00000E
__Lintcode                    intcode      000008
__Lintcode_body               intcode_body 000000
__Lintcodelo                  intcodelo    00000E
__Lintentry                   intentry     000000
__Lintret                     intret       000000
__Lintsave_regs               intsave_regs 000000
__Lirdata                     irdata       000000
__Lmediumconst                mediumconst  000000
__LnvFARRAM                   nvFARRAM     000000
__Lnvbit                      nvbit        000000
__Lnvrram                     nvrram       000000
__Lparam                      rparam       000000
__Lpowerup                    powerup      00000E
__Lram                        ram          000000
__Lramtop                     ramtop       001000
__Lrbit                       rbit         000000
__Lrbss                       rbss         000000
__Lrdata                      rdata        000000
__Lreset_vec                  reset_vec    000000
__Lrparam                     rparam       000000
__Lsfr                        sfr          000000
__Lsmallconst                 smallconst   001000
__Lspace_0                    (abs)        000000
__Lspace_1                    (abs)        000000
__Lspace_2                    (abs)        000000
__Lstack                      stack        000000
__Lstruct                     struct       000000
__Ltemp                       temp         000069
__Ltext                       text         000000
__Ltext0                      text0        000000
__Ltext1                      text1        000000
__Ltext10                     text10       000000
__Ltext11                     text11       000000
__Ltext12                     text12       000000
__Ltext13                     text13       000000
__Ltext14                     text14       000000
__Ltext15                     text15       000000
__Ltext16                     text16       000000
__Ltext17                     text17       000000
__Ltext18                     text18       000000
__Ltext19                     text19       000000
__Ltext2                      text2        000000
__Ltext20                     text20       000000
__Ltext21                     text21       000000
__Ltext22                     text22       000000
__Ltext23                     text23       000000
__Ltext24                     text24       000000
__Ltext25                     text25       000000
__Ltext26                     text26       000000
__Ltext27                     text27       000000
__Ltext28                     text28       000000
__Ltext29                     text29       000000
__Ltext3                      text3        000000
__Ltext30                     text30       000000
__Ltext31                     text31       000000
__Ltext32                     text32       000000
__Ltext33                     text33       000000
__Ltext34                     text34       000000
__Ltext35                     text35       000000
__Ltext36                     text36       000000
__Ltext37                     text37       000000
__Ltext38                     text38       000000
__Ltext39                     text39       000000
__Ltext4                      text4        000000
__Ltext41                     text41       000000
__Ltext42                     text42       000000
__Ltext43                     text43       000000
__Ltext44                     text44       000000
__Ltext45                     text45       000000
__Ltext46                     text46       000000
__Ltext5                      text5        000000
__Ltext6                      text6        000000
__Ltext7                      text7        000000
__Ltext8                      text8        000000
__Ltext9                      text9        000000
__S0                          (abs)        30000E
__S1                          (abs)        000160
__S2                          (abs)        000000
___awdiv                      text7        003B3E
___awdiv@counter              cstackCOMRAM 000021
___awdiv@dividend             cstackCOMRAM 00001D
___awdiv@divisor              cstackCOMRAM 00001F
___awdiv@quotient             cstackCOMRAM 000023
___awdiv@sign                 cstackCOMRAM 000022
___awmod                      text6        003CC6
___awmod@counter              cstackCOMRAM 00001B
___awmod@dividend             cstackCOMRAM 000017
___awmod@divisor              cstackCOMRAM 000019
___awmod@sign                 cstackCOMRAM 00001C
___fladd                      text14       002916
___fladd@a                    cstackBANK0  00009A
___fladd@aexp                 cstackBANK0  0000A7
___fladd@b                    cstackBANK0  000096
___fladd@bexp                 cstackBANK0  0000A8
___fladd@grs                  cstackBANK0  0000A9
___fladd@signs                cstackBANK0  0000A6
___fldiv                      text25       002C54
___fldiv@a                    cstackCOMRAM 00002F
___fldiv@aexp                 cstackCOMRAM 000043
___fldiv@b                    cstackCOMRAM 00002B
___fldiv@bexp                 cstackCOMRAM 000042
___fldiv@grs                  cstackCOMRAM 00003E
___fldiv@new_exp              cstackCOMRAM 00003C
___fldiv@rem                  cstackCOMRAM 000038
___fldiv@sign                 cstackCOMRAM 000037
___flge                       text16       0036A0
___flge@ff1                   cstackCOMRAM 000017
___flge@ff2                   cstackCOMRAM 00001B
___flmul                      text5        0025C4
___flmul@a                    cstackCOMRAM 000048
___flmul@aexp                 cstackBANK0  000081
___flmul@b                    cstackCOMRAM 000044
___flmul@bexp                 cstackBANK0  000086
___flmul@grs                  cstackBANK0  000082
___flmul@prod                 cstackBANK0  000087
___flmul@sign                 cstackBANK0  000080
___flmul@temp                 cstackBANK0  00008B
___flneg                      text15       004014
___flneg@f1                   cstackCOMRAM 000017
___flsub                      text13       003F08
___flsub@a                    cstackBANK0  0000AE
___flsub@b                    cstackBANK0  0000AA
___fltol                      text12       0038D4
___fltol@exp1                 cstackCOMRAM 000055
___fltol@f1                   cstackBANK0  000092
___fltol@sign1                cstackCOMRAM 000054
___inthi_sp                   stack        000000
___intlo_sp                   stack        000000
___lldiv                      text11       003BC2
___lldiv@counter              cstackCOMRAM 000023
___lldiv@dividend             cstackCOMRAM 000017
___lldiv@divisor              cstackCOMRAM 00001B
___lldiv@quotient             cstackCOMRAM 00001F
___llmod                      text10       003D36
___llmod@counter              cstackCOMRAM 00001F
___llmod@dividend             cstackCOMRAM 000017
___llmod@divisor              cstackCOMRAM 00001B
___param_bank                 (abs)        000000
___rparam_used                (abs)        000001
___sp                         stack        000000
___wmul                       text24       00409A
___wmul@multiplicand          cstackCOMRAM 000019
___wmul@multiplier            cstackCOMRAM 000017
___wmul@product               cstackCOMRAM 00001B
___xxtofl                     text23       0032F6
___xxtofl@arg                 cstackCOMRAM 000027
___xxtofl@exp                 cstackCOMRAM 000026
___xxtofl@sign                cstackCOMRAM 000025
___xxtofl@val                 cstackCOMRAM 00001D
__accesstop                   (abs)        000080
__activetblptr                (abs)        000002
__div_to_l_                   text9        003578
__div_to_l_@cntr              cstackCOMRAM 000023
__div_to_l_@exp1              cstackCOMRAM 000024
__div_to_l_@f1                cstackCOMRAM 000017
__div_to_l_@f2                cstackCOMRAM 00001B
__div_to_l_@quot              cstackCOMRAM 00001F
__end_of_RX_isr               text46       003B3E
__end_of_Timer0_isr           text44       004158
__end_of_Timer1_isr           text42       0038D4
__end_of___awdiv              text7        003BC2
__end_of___awmod              text6        003D36
__end_of___fladd              text14       002C54
__end_of___fldiv              text25       002F08
__end_of___flge               text16       0037C0
__end_of___flmul              text5        002916
__end_of___flneg              text15       004042
__end_of___flsub              text13       003F50
__end_of___fltol              text12       0039B2
__end_of___lldiv              text11       003C44
__end_of___llmod              text10       003D9C
__end_of___wmul               text24       0040C0
__end_of___xxtofl             text23       003446
__end_of__div_to_l_           text9        0036A0
__end_of__initialization      cinit        003E4E
__end_of__npowers_            smallconst   001069
__end_of__powers_             smallconst   001035
__end_of__tdiv_to_l_          text8        003578
__end_of_atraso_ms            text39       00410C
__end_of_delay_cycles         text32       004070
__end_of_delay_ms             text33       0040E6
__end_of_display7s            text38       0032F6
__end_of_dpowers              smallconst   001091
__end_of_fround               text4        00319A
__end_of_highIsr              intcode_body 003A86
__end_of_initTimers00         text37       0041C0
__end_of_initTimers01         text35       004216
__end_of_init_adc_no_lib      text34       004232
__end_of_isdigit              text3        0041DE
__end_of_lcd_gotoxy           text28       003FDA
__end_of_lcd_init             text29       003DFE
__end_of_lcd_putc             text27       003F08
__end_of_lcd_puts             text26       003EB2
__end_of_lcd_send_byte        text30       003F98
__end_of_lcd_send_nibble      text31       00419E
__end_of_main                 text0        002174
__end_of_read_adc_raw_no_lib  text22       004014
__end_of_read_adc_voltage     text21       003CC6
__end_of_reloadTimer0         text45       004254
__end_of_reloadTimer1         text36       00423E
__end_of_scale                text2        0025C4
__end_of_send_byte_no_lib     text20       004226
__end_of_send_string_no_lib   text19       00409A
__end_of_setupPorts           text18       0041FC
__end_of_setupSerial          text17       00417C
__end_of_sprintf              text1        001AA6
__end_ofi2_delay_ms           text41       004132
__end_ofi2_reloadTimer1       text43       00424A
__initialization              cinit        003DFE
__mediumconst                 mediumconst  000000
__npowers_                    smallconst   001035
__pbssBANK1                   bssBANK1     000154
__pbssCOMRAM                  bssCOMRAM    000056
__pcinit                      cinit        003DFE
__pcstackBANK0                cstackBANK0  000080
__pcstackBANK1                cstackBANK1  000100
__pcstackCOMRAM               cstackCOMRAM 000001
__pdataBANK0                  dataBANK0    0000DB
__pdataBANK1                  dataBANK1    00015E
__pidataBANK0                 idataBANK0   004254
__pidataBANK1                 idataBANK1   004258
__pintcode                    intcode      000008
__pintcode_body               intcode_body 0039B2
__powers_                     smallconst   001001
__psmallconst                 smallconst   001000
__ptext0                      text0        001AA6
__ptext1                      text1        0010FE
__ptext10                     text10       003D36
__ptext11                     text11       003BC2
__ptext12                     text12       0038D4
__ptext13                     text13       003F08
__ptext14                     text14       002916
__ptext15                     text15       004014
__ptext16                     text16       0036A0
__ptext17                     text17       004158
__ptext18                     text18       0041DE
__ptext19                     text19       004070
__ptext2                      text2        002174
__ptext20                     text20       004216
__ptext21                     text21       003C44
__ptext22                     text22       003FDA
__ptext23                     text23       0032F6
__ptext24                     text24       00409A
__ptext25                     text25       002C54
__ptext26                     text26       003E5C
__ptext27                     text27       003EB2
__ptext28                     text28       003F98
__ptext29                     text29       003D9C
__ptext3                      text3        0041C0
__ptext30                     text30       003F50
__ptext31                     text31       00417C
__ptext32                     text32       004042
__ptext33                     text33       0040C0
__ptext34                     text34       004226
__ptext35                     text35       0041FC
__ptext36                     text36       004232
__ptext37                     text37       00419E
__ptext38                     text38       00319A
__ptext39                     text39       0040E6
__ptext4                      text4        002F08
__ptext41                     text41       00410C
__ptext42                     text42       0037C0
__ptext43                     text43       00423E
__ptext44                     text44       004132
__ptext45                     text45       00424A
__ptext46                     text46       003A86
__ptext5                      text5        0025C4
__ptext6                      text6        003CC6
__ptext7                      text7        003B3E
__ptext8                      text8        003446
__ptext9                      text9        003578
__ramtop                      ramtop       001000
__size_of_RX_isr              (abs)        000000
__size_of_Timer0_isr          (abs)        000000
__size_of_Timer1_isr          (abs)        000000
__size_of___awdiv             (abs)        000000
__size_of___awmod             (abs)        000000
__size_of___fladd             (abs)        000000
__size_of___fldiv             (abs)        000000
__size_of___flge              (abs)        000000
__size_of___flmul             (abs)        000000
__size_of___flneg             (abs)        000000
__size_of___flsub             (abs)        000000
__size_of___fltol             (abs)        000000
__size_of___lldiv             (abs)        000000
__size_of___llmod             (abs)        000000
__size_of___wmul              (abs)        000000
__size_of___xxtofl            (abs)        000000
__size_of__div_to_l_          (abs)        000000
__size_of__tdiv_to_l_         (abs)        000000
__size_of_atraso_ms           (abs)        000000
__size_of_delay_cycles        (abs)        000000
__size_of_delay_ms            (abs)        000000
__size_of_display7s           (abs)        000000
__size_of_fround              (abs)        000000
__size_of_highIsr             (abs)        000000
__size_of_initTimers00        (abs)        000000
__size_of_initTimers01        (abs)        000000
__size_of_init_adc_no_lib     (abs)        000000
__size_of_isdigit             (abs)        000000
__size_of_lcd_gotoxy          (abs)        000000
__size_of_lcd_init            (abs)        000000
__size_of_lcd_putc            (abs)        000000
__size_of_lcd_puts            (abs)        000000
__size_of_lcd_send_byte       (abs)        000000
__size_of_lcd_send_nibble     (abs)        000000
__size_of_main                (abs)        000000
__size_of_read_adc_raw_no_lib (abs)        000000
__size_of_read_adc_voltage    (abs)        000000
__size_of_reloadTimer0        (abs)        000000
__size_of_reloadTimer1        (abs)        000000
__size_of_scale               (abs)        000000
__size_of_send_byte_no_lib    (abs)        000000
__size_of_send_string_no_lib  (abs)        000000
__size_of_setupPorts          (abs)        000000
__size_of_setupSerial         (abs)        000000
__size_of_sprintf             (abs)        000000
__size_ofi2_delay_ms          (abs)        000000
__size_ofi2_reloadTimer1      (abs)        000000
__smallconst                  smallconst   001000
__tdiv_to_l_                  text8        003446
__tdiv_to_l_@cntr             cstackCOMRAM 000026
__tdiv_to_l_@exp1             cstackCOMRAM 000027
__tdiv_to_l_@f1               cstackCOMRAM 000017
__tdiv_to_l_@f2               cstackCOMRAM 00001B
__tdiv_to_l_@quot             cstackCOMRAM 000022
_atraso_ms                    text39       0040E6
_count_t1                     bssCOMRAM    000066
_delay_cycles                 text32       004042
_delay_ms                     text33       0040C0
_display7s                    text38       00319A
_dpowers                      smallconst   001069
_fround                       text4        002F08
_fround$1929                  cstackBANK0  000091
_fround$1930                  cstackBANK0  00008D
_highIsr                      intcode      000008
_initTimers00                 text37       00419E
_initTimers01                 text35       0041FC
_init_adc_no_lib              text34       004226
_isdigit                      text3        0041C0
_isdigit$1542                 cstackCOMRAM 000018
_lcd                          (abs)        000F83
_lcd_gotoxy                   text28       003F98
_lcd_init                     text29       003D9C
_lcd_putc                     text27       003EB2
_lcd_puts                     text26       003E5C
_lcd_send_byte                text30       003F50
_lcd_send_nibble              text31       00417C
_main                         text0        001AA6
_off_flag                     bssBANK1     000154
_on_flag                      bssBANK1     000156
_read_adc_raw_no_lib          text22       003FDA
_read_adc_voltage             text21       003C44
_reloadTimer0                 text45       00424A
_reloadTimer1                 text36       004232
_scale                        text2        002174
_scale$1931                   cstackBANK0  00008D
_send_byte_no_lib             text20       004216
_send_string_no_lib           text19       004070
_setupPorts                   text18       0041DE
_setupSerial                  text17       004158
_sprintf                      text1        0010FE
_sprintf$1932                 cstackBANK0  0000BE
_start_t1                     dataBANK1    00015E
_timer_10_counter             bssCOMRAM    00005C
_timer_10_flag                bssBANK1     000158
_timer_3_counter              bssCOMRAM    000060
_timer_3_flag                 bssBANK1     00015C
_timer_6_counter              bssCOMRAM    00005E
_timer_6_flag                 bssBANK1     00015A
_view_mode                    bssCOMRAM    000062
atraso_ms@n                   cstackCOMRAM 000017
atraso_ms@x                   cstackCOMRAM 000019
btemp                         temp         000069
delay_cycles@n                cstackCOMRAM 00001A
delay_cycles@x                cstackCOMRAM 00001B
delay_ms@n                    cstackCOMRAM 000017
delay_ms@x                    cstackCOMRAM 000019
display7s@v                   cstackCOMRAM 000019
display7s@x                   cstackCOMRAM 000017
end_of_initialization         cinit        003E4E
fround@prec                   cstackBANK0  000095
i2_delay_ms                   text41       00410C
i2_reloadTimer1               text43       00423E
i2delay_ms@n                  cstackCOMRAM 000001
i2delay_ms@x                  cstackCOMRAM 000003
int$flags                     temp         000069
int_func                      intcode_body 0039B2
intlevel0                     text         000000
intlevel1                     text         000000
intlevel2                     text         000000
intlevel3                     text         000000
isdigit@c                     cstackCOMRAM 000019
lcd_gotoxy@address            cstackCOMRAM 000023
lcd_gotoxy@x                  cstackCOMRAM 000022
lcd_gotoxy@y                  cstackCOMRAM 000021
lcd_init@i                    cstackCOMRAM 000021
lcd_putc@c                    cstackCOMRAM 000024
lcd_puts@s                    cstackCOMRAM 000025
lcd_send_byte@cm_data         cstackCOMRAM 000020
lcd_send_byte@n               cstackCOMRAM 00001F
lcd_send_nibble@n             cstackCOMRAM 00001E
main@Buffer                   cstackBANK1  000100
main@Buffer44                 cstackBANK1  000140
main@TempC                    cstackBANK1  000147
main@TempF                    cstackBANK1  00012A
main@analogs                  cstackBANK1  00012E
main@channel_692              cstackBANK1  00014B
main@flag2                    cstackBANK1  00013A
main@ii                       cstackBANK1  000128
main@iii                      cstackBANK1  00013C
main@led_speed                cstackBANK1  000150
main@n1                       cstackBANK1  000124
main@n2                       cstackBANK1  000126
main@threshold                cstackBANK1  00014C
main@thresholded_Temp         cstackBANK1  000143
main@voltage                  cstackBANK1  000120
main@x                        cstackBANK1  00013E
read_adc_raw_no_lib@channel   cstackCOMRAM 00001D
read_adc_raw_no_lib@raw_value cstackCOMRAM 00001B
read_adc_voltage@channel      cstackCOMRAM 00004E
read_adc_voltage@raw_value    cstackCOMRAM 00004C
read_adc_voltage@voltage      cstackCOMRAM 000048
scale@scl                     cstackBANK0  000091
send_byte_no_lib@c            cstackCOMRAM 000017
send_string_no_lib@p          cstackCOMRAM 000018
setupSerial@dummy             cstackCOMRAM 000017
sprintf@ap                    cstackBANK0  0000C2
sprintf@c                     cstackBANK0  0000D8
sprintf@exp                   cstackBANK0  0000CC
sprintf@f                     cstackBANK0  0000B4
sprintf@flag                  cstackBANK0  0000CE
sprintf@fval                  cstackBANK0  0000D2
sprintf@prec                  cstackBANK0  0000D6
sprintf@sp                    cstackBANK0  0000B2
sprintf@tmpval                cstackBANK0  0000C8
sprintf@val                   cstackBANK0  0000C4
sprintf@width                 cstackBANK0  0000D0
stackhi                       (abs)        000F7F
stacklo                       (abs)        000160
start                         init         00000E
start_initialization          cinit        003DFE
wtemp6                        temp         00006A


FUNCTION INFORMATION:

 *************** function _main *****************
 Defined at:
		line 352 in file "pwm_asl.c"
 Parameters:    Size  Location     Type
		None
 Auto vars:     Size  Location     Type
  str             6    0        unsigned char [6]
  x               2   62[BANK1 ] int 
  tmpi            2    0        unsigned int 
  tmp             1    0        unsigned char 
  i               1    0        unsigned char 
  channel         1   75[BANK1 ] unsigned char 
  Buffer         32    0[BANK1 ] unsigned char [32]
  analogs        12   46[BANK1 ] float [3]
  AN             12    0        float [3]
  led_speed       4   80[BANK1 ] float 
  threshold       4   76[BANK1 ] float 
  TempC           4   71[BANK1 ] float 
  thresholded_    4   67[BANK1 ] float 
  TempF           4   42[BANK1 ] float 
  voltage         4   32[BANK1 ] float 
  arr             4    0        int [2]
  Buffer44        3   64[BANK1 ] unsigned char [3]
  iii             2   60[BANK1 ] int 
  flag2           2   58[BANK1 ] int 
  ii              2   40[BANK1 ] int 
  n2              2   38[BANK1 ] int 
  n1              2   36[BANK1 ] int 
  RPS             2    0        int 
  raw_val         2    0        int 
  hello           2    0        int 
  channel         1    0        unsigned char 
 Return value:  Size  Location     Type
                  1    wreg      void 
 Registers used:
		wreg, fsr2l, fsr2h, status,2, status,0, tblptrl, tblptrh, tblptru, prodl, prodh, cstack
 Tracked objects:
		On entry : 
		On exit  : 
		Unchanged: 
 Data sizes:     COMRAM   BANK0   BANK1   BANK2   BANK3   BANK4   BANK5   BANK6   BANK7   BANK8   BANK9  BANK10  BANK11  BANK12  BANK13  BANK14  BANK15
      Params:         0       0       0       0       0       0       0       0       0       0       0       0       0       0       0       0       0
      Locals:         0       0      84       0       0       0       0       0       0       0       0       0       0       0       0       0       0
      Temps:          0       2       0       0       0       0       0       0       0       0       0       0       0       0       0       0       0
      Totals:         0       2      84       0       0       0       0       0       0       0       0       0       0       0       0       0       0
Total ram usage:       86 bytes
 Hardware stack levels required when called:    9
 This function calls:
		___awmod
		___fladd
		___fldiv
		___flge
		___flmul
		___fltol
		_atraso_ms
		_display7s
		_initTimers00
		_initTimers01
		_init_adc_no_lib
		_lcd_gotoxy
		_lcd_init
		_lcd_putc
		_lcd_puts
		_read_adc_voltage
		_send_string_no_lib
		_setupPorts
		_setupSerial
		_sprintf
 This function is called by:
		Startup code after reset
 This function uses a non-reentrant model


 *************** function _sprintf *****************
 Defined at:
		line 492 in file "C:\Program Files (x86)\Microchip\xc8\v1.45\sources\common\doprnt.c"
 Parameters:    Size  Location     Type
  sp              2   50[BANK0 ] PTR unsigned char 
		 -> main@Buffer44(3), main@Buffer(32), 
  f               2   52[BANK0 ] PTR const unsigned char 
		 -> STR_6(15), STR_5(16), STR_4(6), STR_3(18), 
		 -> STR_2(17), STR_1(17), 
 Auto vars:     Size  Location     Type
  fval            4   82[BANK0 ] PTR const unsigned char 
  tmpval          4   72[BANK0 ] struct .
  val             4   68[BANK0 ] unsigned long 
  cp              3    0        PTR const unsigned char 
  prec            2   86[BANK0 ] int 
  width           2   80[BANK0 ] int 
  flag            2   78[BANK0 ] unsigned short 
  exp             2   76[BANK0 ] int 
  ap              2   66[BANK0 ] PTR void [1]
		 -> ?_sprintf(2), 
  len             2    0        unsigned int 
  c               1   88[BANK0 ] char 
  d               1    0        unsigned char 
 Return value:  Size  Location     Type
                  2   50[BANK0 ] int 
 Registers used:
		wreg, fsr2l, fsr2h, status,2, status,0, tblptrl, tblptrh, tblptru, prodl, prodh, cstack
 Tracked objects:
		On entry : 
		On exit  : 
		Unchanged: 
 Data sizes:     COMRAM   BANK0   BANK1   BANK2   BANK3   BANK4   BANK5   BANK6   BANK7   BANK8   BANK9  BANK10  BANK11  BANK12  BANK13  BANK14  BANK15
      Params:         0       8       0       0       0       0       0       0       0       0       0       0       0       0       0       0       0
      Locals:         0      27       0       0       0       0       0       0       0       0       0       0       0       0       0       0       0
      Temps:          0       4       0       0       0       0       0       0       0       0       0       0       0       0       0       0       0
      Totals:         0      39       0       0       0       0       0       0       0       0       0       0       0       0       0       0       0
Total ram usage:       39 bytes
 Hardware stack levels used:    1
 Hardware stack levels required when called:    5
 This function calls:
		___awdiv
		___fladd
		___flge
		___flmul
		___flneg
		___flsub
		___fltol
		___lldiv
		___llmod
		___wmul
		___xxtofl
		__div_to_l_
		__tdiv_to_l_
		_fround
		_isdigit
		_scale
 This function is called by:
		_main
 This function uses a non-reentrant model


 *************** function _scale *****************
 Defined at:
		line 425 in file "C:\Program Files (x86)\Microchip\xc8\v1.45\sources\common\doprnt.c"
 Parameters:    Size  Location     Type
  scl             1    wreg     char 
 Auto vars:     Size  Location     Type
  scl             1   17[BANK0 ] char 
 Return value:  Size  Location     Type
                  4   79[COMRAM] char 
 Registers used:
		wreg, status,2, status,0, tblptrl, tblptrh, tblptru, prodl, prodh, cstack
 Tracked objects:
		On entry : 
		On exit  : 
		Unchanged: 
 Data sizes:     COMRAM   BANK0   BANK1   BANK2   BANK3   BANK4   BANK5   BANK6   BANK7   BANK8   BANK9  BANK10  BANK11  BANK12  BANK13  BANK14  BANK15
      Params:         4       0       0       0       0       0       0       0       0       0       0       0       0       0       0       0       0
      Locals:         0       5       0       0       0       0       0       0       0       0       0       0       0       0       0       0       0
      Temps:          0       0       0       0       0       0       0       0       0       0       0       0       0       0       0       0       0
      Totals:         4       5       0       0       0       0       0       0       0       0       0       0       0       0       0       0       0
Total ram usage:        9 bytes
 Hardware stack levels used:    1
 Hardware stack levels required when called:    4
 This function calls:
		___awdiv
		___awmod
		___flmul
 This function is called by:
		_sprintf
 This function uses a non-reentrant model


 *************** function _isdigit *****************
 Defined at:
		line 8 in file "C:\Program Files (x86)\Microchip\xc8\v1.45\sources\common\isdigit.c"
 Parameters:    Size  Location     Type
  c               1    wreg     unsigned char 
 Auto vars:     Size  Location     Type
  c               1   24[COMRAM] unsigned char 
 Return value:  Size  Location     Type
		None               void
 Registers used:
		wreg, status,2, status,0
 Tracked objects:
		On entry : 
		On exit  : 
		Unchanged: 
 Data sizes:     COMRAM   BANK0   BANK1   BANK2   BANK3   BANK4   BANK5   BANK6   BANK7   BANK8   BANK9  BANK10  BANK11  BANK12  BANK13  BANK14  BANK15
      Params:         0       0       0       0       0       0       0       0       0       0       0       0       0       0       0       0       0
      Locals:         2       0       0       0       0       0       0       0       0       0       0       0       0       0       0       0       0
      Temps:          1       0       0       0       0       0       0       0       0       0       0       0       0       0       0       0       0
      Totals:         3       0       0       0       0       0       0       0       0       0       0       0       0       0       0       0       0
Total ram usage:        3 bytes
 Hardware stack levels used:    1
 Hardware stack levels required when called:    3
 This function calls:
		Nothing
 This function is called by:
		_sprintf
 This function uses a non-reentrant model


 *************** function _fround *****************
 Defined at:
		line 409 in file "C:\Program Files (x86)\Microchip\xc8\v1.45\sources\common\doprnt.c"
 Parameters:    Size  Location     Type
  prec            1    wreg     unsigned char 
 Auto vars:     Size  Location     Type
  prec            1   21[BANK0 ] unsigned char 
 Return value:  Size  Location     Type
                  4   79[COMRAM] unsigned char 
 Registers used:
		wreg, status,2, status,0, tblptrl, tblptrh, tblptru, prodl, prodh, cstack
 Tracked objects:
		On entry : 
		On exit  : 
		Unchanged: 
 Data sizes:     COMRAM   BANK0   BANK1   BANK2   BANK3   BANK4   BANK5   BANK6   BANK7   BANK8   BANK9  BANK10  BANK11  BANK12  BANK13  BANK14  BANK15
      Params:         4       0       0       0       0       0       0       0       0       0       0       0       0       0       0       0       0
      Locals:         0       9       0       0       0       0       0       0       0       0       0       0       0       0       0       0       0
      Temps:          0       0       0       0       0       0       0       0       0       0       0       0       0       0       0       0       0
      Totals:         4       9       0       0       0       0       0       0       0       0       0       0       0       0       0       0       0
Total ram usage:       13 bytes
 Hardware stack levels used:    1
 Hardware stack levels required when called:    4
 This function calls:
		___awdiv
		___awmod
		___flmul
 This function is called by:
		_sprintf
 This function uses a non-reentrant model


 *************** function ___flmul *****************
 Defined at:
		line 8 in file "C:\Program Files (x86)\Microchip\xc8\v1.45\sources\common\sprcmul.c"
 Parameters:    Size  Location     Type
  b               4   67[COMRAM] unsigned char 
  a               4   71[COMRAM] unsigned char 
 Auto vars:     Size  Location     Type
  prod            4    7[BANK0 ] struct .
  grs             4    2[BANK0 ] unsigned long 
  temp            2   11[BANK0 ] struct .
  bexp            1    6[BANK0 ] unsigned char 
  aexp            1    1[BANK0 ] unsigned char 
  sign            1    0[BANK0 ] unsigned char 
 Return value:  Size  Location     Type
                  4   67[COMRAM] unsigned char 
 Registers used:
		wreg, status,2, status,0, prodl, prodh
 Tracked objects:
		On entry : 
		On exit  : 
		Unchanged: 
 Data sizes:     COMRAM   BANK0   BANK1   BANK2   BANK3   BANK4   BANK5   BANK6   BANK7   BANK8   BANK9  BANK10  BANK11  BANK12  BANK13  BANK14  BANK15
      Params:         8       0       0       0       0       0       0       0       0       0       0       0       0       0       0       0       0
      Locals:         0      13       0       0       0       0       0       0       0       0       0       0       0       0       0       0       0
      Temps:          4       0       0       0       0       0       0       0       0       0       0       0       0       0       0       0       0
      Totals:        12      13       0       0       0       0       0       0       0       0       0       0       0       0       0       0       0
Total ram usage:       25 bytes
 Hardware stack levels used:    1
 Hardware stack levels required when called:    3
 This function calls:
		Nothing
 This function is called by:
		_main
		_fround
		_scale
		_sprintf
		_set_pwm1_percent
		_set_pwm1_voltage
		_set_pwm1_general
 This function uses a non-reentrant model


 *************** function ___awmod *****************
 Defined at:
		line 8 in file "C:\Program Files (x86)\Microchip\xc8\v1.45\sources\common\awmod.c"
 Parameters:    Size  Location     Type
  dividend        2   22[COMRAM] int 
  divisor         2   24[COMRAM] int 
 Auto vars:     Size  Location     Type
  sign            1   27[COMRAM] unsigned char 
  counter         1   26[COMRAM] unsigned char 
 Return value:  Size  Location     Type
                  2   22[COMRAM] int 
 Registers used:
		wreg, status,2, status,0
 Tracked objects:
		On entry : 
		On exit  : 
		Unchanged: 
 Data sizes:     COMRAM   BANK0   BANK1   BANK2   BANK3   BANK4   BANK5   BANK6   BANK7   BANK8   BANK9  BANK10  BANK11  BANK12  BANK13  BANK14  BANK15
      Params:         4       0       0       0       0       0       0       0       0       0       0       0       0       0       0       0       0
      Locals:         2       0       0       0       0       0       0       0       0       0       0       0       0       0       0       0       0
      Temps:          0       0       0       0       0       0       0       0       0       0       0       0       0       0       0       0       0
      Totals:         6       0       0       0       0       0       0       0       0       0       0       0       0       0       0       0       0
Total ram usage:        6 bytes
 Hardware stack levels used:    1
 Hardware stack levels required when called:    3
 This function calls:
		Nothing
 This function is called by:
		_main
		_fround
		_scale
 This function uses a non-reentrant model


 *************** function ___awdiv *****************
 Defined at:
		line 8 in file "C:\Program Files (x86)\Microchip\xc8\v1.45\sources\common\awdiv.c"
 Parameters:    Size  Location     Type
  dividend        2   28[COMRAM] int 
  divisor         2   30[COMRAM] int 
 Auto vars:     Size  Location     Type
  quotient        2   34[COMRAM] int 
  sign            1   33[COMRAM] unsigned char 
  counter         1   32[COMRAM] unsigned char 
 Return value:  Size  Location     Type
                  2   28[COMRAM] int 
 Registers used:
		wreg, status,2, status,0
 Tracked objects:
		On entry : 
		On exit  : 
		Unchanged: 
 Data sizes:     COMRAM   BANK0   BANK1   BANK2   BANK3   BANK4   BANK5   BANK6   BANK7   BANK8   BANK9  BANK10  BANK11  BANK12  BANK13  BANK14  BANK15
      Params:         4       0       0       0       0       0       0       0       0       0       0       0       0       0       0       0       0
      Locals:         4       0       0       0       0       0       0       0       0       0       0       0       0       0       0       0       0
      Temps:          0       0       0       0       0       0       0       0       0       0       0       0       0       0       0       0       0
      Totals:         8       0       0       0       0       0       0       0       0       0       0       0       0       0       0       0       0
Total ram usage:        8 bytes
 Hardware stack levels used:    1
 Hardware stack levels required when called:    3
 This function calls:
		Nothing
 This function is called by:
		_fround
		_scale
		_sprintf
 This function uses a non-reentrant model


 *************** function __tdiv_to_l_ *****************
 Defined at:
		line 60 in file "C:\Program Files (x86)\Microchip\xc8\v1.45\sources\common\ftdivl.c"
 Parameters:    Size  Location     Type
  f1              4   22[COMRAM] float 
  f2              4   26[COMRAM] float 
 Auto vars:     Size  Location     Type
  quot            4   33[COMRAM] unsigned long 
  exp1            1   38[COMRAM] unsigned char 
  cntr            1   37[COMRAM] unsigned char 
 Return value:  Size  Location     Type
                  4   22[COMRAM] unsigned long 
 Registers used:
		wreg, status,2, status,0
 Tracked objects:
		On entry : 
		On exit  : 
		Unchanged: 
 Data sizes:     COMRAM   BANK0   BANK1   BANK2   BANK3   BANK4   BANK5   BANK6   BANK7   BANK8   BANK9  BANK10  BANK11  BANK12  BANK13  BANK14  BANK15
      Params:         8       0       0       0       0       0       0       0       0       0       0       0       0       0       0       0       0
      Locals:         6       0       0       0       0       0       0       0       0       0       0       0       0       0       0       0       0
      Temps:          3       0       0       0       0       0       0       0       0       0       0       0       0       0       0       0       0
      Totals:        17       0       0       0       0       0       0       0       0       0       0       0       0       0       0       0       0
Total ram usage:       17 bytes
 Hardware stack levels used:    1
 Hardware stack levels required when called:    3
 This function calls:
		Nothing
 This function is called by:
		_sprintf
 This function uses a non-reentrant model


 *************** function __div_to_l_ *****************
 Defined at:
		line 60 in file "C:\Program Files (x86)\Microchip\xc8\v1.45\sources\common\fldivl.c"
 Parameters:    Size  Location     Type
  f1              4   22[COMRAM] unsigned long 
  f2              4   26[COMRAM] unsigned long 
 Auto vars:     Size  Location     Type
  quot            4   30[COMRAM] unsigned long 
  exp1            1   35[COMRAM] unsigned char 
  cntr            1   34[COMRAM] unsigned char 
 Return value:  Size  Location     Type
                  4   22[COMRAM] unsigned long 
 Registers used:
		wreg, status,2, status,0
 Tracked objects:
		On entry : 
		On exit  : 
		Unchanged: 
 Data sizes:     COMRAM   BANK0   BANK1   BANK2   BANK3   BANK4   BANK5   BANK6   BANK7   BANK8   BANK9  BANK10  BANK11  BANK12  BANK13  BANK14  BANK15
      Params:         8       0       0       0       0       0       0       0       0       0       0       0       0       0       0       0       0
      Locals:         6       0       0       0       0       0       0       0       0       0       0       0       0       0       0       0       0
      Temps:          0       0       0       0       0       0       0       0       0       0       0       0       0       0       0       0       0
      Totals:        14       0       0       0       0       0       0       0       0       0       0       0       0       0       0       0       0
Total ram usage:       14 bytes
 Hardware stack levels used:    1
 Hardware stack levels required when called:    3
 This function calls:
		Nothing
 This function is called by:
		_sprintf
 This function uses a non-reentrant model


 *************** function ___llmod *****************
 Defined at:
		line 8 in file "C:\Program Files (x86)\Microchip\xc8\v1.45\sources\common\llmod.c"
 Parameters:    Size  Location     Type
  dividend        4   22[COMRAM] unsigned long 
  divisor         4   26[COMRAM] unsigned long 
 Auto vars:     Size  Location     Type
  counter         1   30[COMRAM] unsigned char 
 Return value:  Size  Location     Type
                  4   22[COMRAM] unsigned long 
 Registers used:
		wreg, status,2, status,0
 Tracked objects:
		On entry : 
		On exit  : 
		Unchanged: 
 Data sizes:     COMRAM   BANK0   BANK1   BANK2   BANK3   BANK4   BANK5   BANK6   BANK7   BANK8   BANK9  BANK10  BANK11  BANK12  BANK13  BANK14  BANK15
      Params:         8       0       0       0       0       0       0       0       0       0       0       0       0       0       0       0       0
      Locals:         1       0       0       0       0       0       0       0       0       0       0       0       0       0       0       0       0
      Temps:          0       0       0       0       0       0       0       0       0       0       0       0       0       0       0       0       0
      Totals:         9       0       0       0       0       0       0       0       0       0       0       0       0       0       0       0       0
Total ram usage:        9 bytes
 Hardware stack levels used:    1
 Hardware stack levels required when called:    3
 This function calls:
		Nothing
 This function is called by:
		_sprintf
 This function uses a non-reentrant model


 *************** function ___lldiv *****************
 Defined at:
		line 8 in file "C:\Program Files (x86)\Microchip\xc8\v1.45\sources\common\lldiv.c"
 Parameters:    Size  Location     Type
  dividend        4   22[COMRAM] unsigned long 
  divisor         4   26[COMRAM] unsigned long 
 Auto vars:     Size  Location     Type
  quotient        4   30[COMRAM] unsigned long 
  counter         1   34[COMRAM] unsigned char 
 Return value:  Size  Location     Type
                  4   22[COMRAM] unsigned long 
 Registers used:
		wreg, status,2, status,0
 Tracked objects:
		On entry : 
		On exit  : 
		Unchanged: 
 Data sizes:     COMRAM   BANK0   BANK1   BANK2   BANK3   BANK4   BANK5   BANK6   BANK7   BANK8   BANK9  BANK10  BANK11  BANK12  BANK13  BANK14  BANK15
      Params:         8       0       0       0       0       0       0       0       0       0       0       0       0       0       0       0       0
      Locals:         5       0       0       0       0       0       0       0       0       0       0       0       0       0       0       0       0
      Temps:          0       0       0       0       0       0       0       0       0       0       0       0       0       0       0       0       0
      Totals:        13       0       0       0       0       0       0       0       0       0       0       0       0       0       0       0       0
Total ram usage:       13 bytes
 Hardware stack levels used:    1
 Hardware stack levels required when called:    3
 This function calls:
		Nothing
 This function is called by:
		_sprintf
 This function uses a non-reentrant model


 *************** function ___fltol *****************
 Defined at:
		line 43 in file "C:\Program Files (x86)\Microchip\xc8\v1.45\sources\common\fltol.c"
 Parameters:    Size  Location     Type
  f1              4   18[BANK0 ] unsigned long 
 Auto vars:     Size  Location     Type
  exp1            1   84[COMRAM] unsigned char 
  sign1           1   83[COMRAM] unsigned char 
 Return value:  Size  Location     Type
                  4   18[BANK0 ] long 
 Registers used:
		wreg, status,2, status,0
 Tracked objects:
		On entry : 
		On exit  : 
		Unchanged: 
 Data sizes:     COMRAM   BANK0   BANK1   BANK2   BANK3   BANK4   BANK5   BANK6   BANK7   BANK8   BANK9  BANK10  BANK11  BANK12  BANK13  BANK14  BANK15
      Params:         0       4       0       0       0       0       0       0       0       0       0       0       0       0       0       0       0
      Locals:         2       0       0       0       0       0       0       0       0       0       0       0       0       0       0       0       0
      Temps:          0       4       0       0       0       0       0       0       0       0       0       0       0       0       0       0       0
      Totals:         2       8       0       0       0       0       0       0       0       0       0       0       0       0       0       0       0
Total ram usage:       10 bytes
 Hardware stack levels used:    1
 Hardware stack levels required when called:    3
 This function calls:
		Nothing
 This function is called by:
		_main
		_sprintf
		_set_pwm1_percent
		_set_pwm1_voltage
		_set_pwm1_general
 This function uses a non-reentrant model


 *************** function ___flsub *****************
 Defined at:
		line 245 in file "C:\Program Files (x86)\Microchip\xc8\v1.45\sources\common\sprcadd.c"
 Parameters:    Size  Location     Type
  b               4   42[BANK0 ] long 
  a               4   46[BANK0 ] long 
 Auto vars:     Size  Location     Type
		None
 Return value:  Size  Location     Type
                  4   42[BANK0 ] long 
 Registers used:
		wreg, status,2, status,0, cstack
 Tracked objects:
		On entry : 
		On exit  : 
		Unchanged: 
 Data sizes:     COMRAM   BANK0   BANK1   BANK2   BANK3   BANK4   BANK5   BANK6   BANK7   BANK8   BANK9  BANK10  BANK11  BANK12  BANK13  BANK14  BANK15
      Params:         0       8       0       0       0       0       0       0       0       0       0       0       0       0       0       0       0
      Locals:         0       0       0       0       0       0       0       0       0       0       0       0       0       0       0       0       0
      Temps:          0       0       0       0       0       0       0       0       0       0       0       0       0       0       0       0       0
      Totals:         0       8       0       0       0       0       0       0       0       0       0       0       0       0       0       0       0
Total ram usage:        8 bytes
 Hardware stack levels used:    1
 Hardware stack levels required when called:    4
 This function calls:
		___fladd
 This function is called by:
		_sprintf
 This function uses a non-reentrant model


 *************** function ___fladd *****************
 Defined at:
		line 10 in file "C:\Program Files (x86)\Microchip\xc8\v1.45\sources\common\sprcadd.c"
 Parameters:    Size  Location     Type
  b               4   22[BANK0 ] long 
  a               4   26[BANK0 ] long 
 Auto vars:     Size  Location     Type
  grs             1   41[BANK0 ] unsigned char 
  bexp            1   40[BANK0 ] unsigned char 
  aexp            1   39[BANK0 ] unsigned char 
  signs           1   38[BANK0 ] unsigned char 
 Return value:  Size  Location     Type
                  4   22[BANK0 ] unsigned char 
 Registers used:
		wreg, status,2, status,0
 Tracked objects:
		On entry : 
		On exit  : 
		Unchanged: 
 Data sizes:     COMRAM   BANK0   BANK1   BANK2   BANK3   BANK4   BANK5   BANK6   BANK7   BANK8   BANK9  BANK10  BANK11  BANK12  BANK13  BANK14  BANK15
[...]
      Totals:         0       0       0       0       0       0       0       0       0       0       0       0       0       0       0       0       0
Total ram usage:        0 bytes
 Hardware stack levels used:    1
 Hardware stack levels required when called:    3
 This function calls:
		Nothing
 This function is called by:
		_initTimers01
 This function uses a non-reentrant model


 *************** function _initTimers00 *****************
 Defined at:
		line 125 in file "pwm_asl.c"
 Parameters:    Size  Location     Type
		None
 Auto vars:     Size  Location     Type
		None
 Return value:  Size  Location     Type
                  1    wreg      void 
 Registers used:
		wreg, status,2
 Tracked objects:
		On entry : 
		On exit  : 
		Unchanged: 
 Data sizes:     COMRAM   BANK0   BANK1   BANK2   BANK3   BANK4   BANK5   BANK6   BANK7   BANK8   BANK9  BANK10  BANK11  BANK12  BANK13  BANK14  BANK15
      Params:         0       0       0       0       0       0       0       0       0       0       0       0       0       0       0       0       0
      Locals:         0       0       0       0       0       0       0       0       0       0       0       0       0       0       0       0       0
      Temps:          0       0       0       0       0       0       0       0       0       0       0       0       0       0       0       0       0
      Totals:         0       0       0       0       0       0       0       0       0       0       0       0       0       0       0       0       0
Total ram usage:        0 bytes
 Hardware stack levels used:    1
 Hardware stack levels required when called:    3
 This function calls:
		Nothing
 This function is called by:
		_main
 This function uses a non-reentrant model


 *************** function _display7s *****************
 Defined at:
		line 26 in file "display7ss.c"
 Parameters:    Size  Location     Type
  v               1    wreg     unsigned char 
  x               2   22[COMRAM] int 
 Auto vars:     Size  Location     Type
  v               1   24[COMRAM] unsigned char 
 Return value:  Size  Location     Type
                  1    wreg      unsigned char 
 Registers used:
		wreg, status,2, status,0
 Tracked objects:
		On entry : 
		On exit  : 
		Unchanged: 
 Data sizes:     COMRAM   BANK0   BANK1   BANK2   BANK3   BANK4   BANK5   BANK6   BANK7   BANK8   BANK9  BANK10  BANK11  BANK12  BANK13  BANK14  BANK15
      Params:         2       0       0       0       0       0       0       0       0       0       0       0       0       0       0       0       0
      Locals:         1       0       0       0       0       0       0       0       0       0       0       0       0       0       0       0       0
      Temps:          0       0       0       0       0       0       0       0       0       0       0       0       0       0       0       0       0
      Totals:         3       0       0       0       0       0       0       0       0       0       0       0       0       0       0       0       0
Total ram usage:        3 bytes
 Hardware stack levels used:    1
 Hardware stack levels required when called:    3
 This function calls:
		Nothing
 This function is called by:
		_main
 This function uses a non-reentrant model


 *************** function _atraso_ms *****************
 Defined at:
		line 97 in file "pwm_asl.c"
 Parameters:    Size  Location     Type
  n               2   22[COMRAM] unsigned int 
 Auto vars:     Size  Location     Type
  x               2   24[COMRAM] int 
 Return value:  Size  Location     Type
                  1    wreg      void 
 Registers used:
		wreg, status,2, status,0
 Tracked objects:
		On entry : 
		On exit  : 
		Unchanged: 
 Data sizes:     COMRAM   BANK0   BANK1   BANK2   BANK3   BANK4   BANK5   BANK6   BANK7   BANK8   BANK9  BANK10  BANK11  BANK12  BANK13  BANK14  BANK15
      Params:         2       0       0       0       0       0       0       0       0       0       0       0       0       0       0       0       0
      Locals:         2       0       0       0       0       0       0       0       0       0       0       0       0       0       0       0       0
      Temps:          0       0       0       0       0       0       0       0       0       0       0       0       0       0       0       0       0
      Totals:         4       0       0       0       0       0       0       0       0       0       0       0       0       0       0       0       0
Total ram usage:        4 bytes
 Hardware stack levels used:    1
 Hardware stack levels required when called:    3
 This function calls:
		Nothing
 This function is called by:
		_main
 This function uses a non-reentrant model


 *************** function _highIsr *****************
 Defined at:
		line 308 in file "pwm_asl.c"
 Parameters:    Size  Location     Type
		None
 Auto vars:     Size  Location     Type
		None
 Return value:  Size  Location     Type
                  1    wreg      void 
 Registers used:
		wreg, status,2, status,0, cstack
 Tracked objects:
		On entry : 
		On exit  : 
		Unchanged: 
 Data sizes:     COMRAM   BANK0   BANK1   BANK2   BANK3   BANK4   BANK5   BANK6   BANK7   BANK8   BANK9  BANK10  BANK11  BANK12  BANK13  BANK14  BANK15
      Params:         0       0       0       0       0       0       0       0       0       0       0       0       0       0       0       0       0
      Locals:         0       0       0       0       0       0       0       0       0       0       0       0       0       0       0       0       0
      Temps:         18       0       0       0       0       0       0       0       0       0       0       0       0       0       0       0       0
      Totals:        18       0       0       0       0       0       0       0       0       0       0       0       0       0       0       0       0
Total ram usage:       18 bytes
 Hardware stack levels used:    1
 Hardware stack levels required when called:    2
 This function calls:
		_RX_isr
		_Timer0_isr
		_Timer1_isr
		i2_delay_ms
 This function is called by:
		Interrupt level 2
 This function uses a non-reentrant model


 *************** function i2_delay_ms *****************
 Defined at:
		line 12 in file "lcd_x8.c"
 Parameters:    Size  Location     Type
  n               2    0[COMRAM] unsigned int 
 Auto vars:     Size  Location     Type
  delay_ms        2    2[COMRAM] int 
 Return value:  Size  Location     Type
                  1    wreg      void 
 Registers used:
		wreg, status,2, status,0
 Tracked objects:
		On entry : 
		On exit  : 
		Unchanged: 
 Data sizes:     COMRAM   BANK0   BANK1   BANK2   BANK3   BANK4   BANK5   BANK6   BANK7   BANK8   BANK9  BANK10  BANK11  BANK12  BANK13  BANK14  BANK15
      Params:         2       0       0       0       0       0       0       0       0       0       0       0       0       0       0       0       0
      Locals:         2       0       0       0       0       0       0       0       0       0       0       0       0       0       0       0       0
      Temps:          0       0       0       0       0       0       0       0       0       0       0       0       0       0       0       0       0
      Totals:         4       0       0       0       0       0       0       0       0       0       0       0       0       0       0       0       0
Total ram usage:        4 bytes
 Hardware stack levels used:    1
 This function calls:
		Nothing
 This function is called by:
		_highIsr
 This function uses a non-reentrant model


 *************** function _Timer1_isr *****************
 Defined at:
		line 208 in file "pwm_asl.c"
 Parameters:    Size  Location     Type
		None
 Auto vars:     Size  Location     Type
		None
 Return value:  Size  Location     Type
                  1    wreg      void 
 Registers used:
		wreg, status,2, status,0, cstack
 Tracked objects:
		On entry : 
		On exit  : 
		Unchanged: 
 Data sizes:     COMRAM   BANK0   BANK1   BANK2   BANK3   BANK4   BANK5   BANK6   BANK7   BANK8   BANK9  BANK10  BANK11  BANK12  BANK13  BANK14  BANK15
      Params:         0       0       0       0       0       0       0       0       0       0       0       0       0       0       0       0       0
      Locals:         0       0       0       0       0       0       0       0       0       0       0       0       0       0       0       0       0
      Temps:          1       0       0       0       0       0       0       0       0       0       0       0       0       0       0       0       0
      Totals:         1       0       0       0       0       0       0       0       0       0       0       0       0       0       0       0       0
Total ram usage:        1 bytes
 Hardware stack levels used:    1
 Hardware stack levels required when called:    1
 This function calls:
		i2_reloadTimer1
 This function is called by:
		_highIsr
 This function uses a non-reentrant model


 *************** function i2_reloadTimer1 *****************
 Defined at:
		line 155 in file "pwm_asl.c"
 Parameters:    Size  Location     Type
		None
 Auto vars:     Size  Location     Type
		None
 Return value:  Size  Location     Type
                  1    wreg      void 
 Registers used:
		wreg, status,2
 Tracked objects:
		On entry : 
		On exit  : 
		Unchanged: 
 Data sizes:     COMRAM   BANK0   BANK1   BANK2   BANK3   BANK4   BANK5   BANK6   BANK7   BANK8   BANK9  BANK10  BANK11  BANK12  BANK13  BANK14  BANK15
      Params:         0       0       0       0       0       0       0       0       0       0       0       0       0       0       0       0       0
      Locals:         0       0       0       0       0       0       0       0       0       0       0       0       0       0       0       0       0
      Temps:          0       0       0       0       0       0       0       0       0       0       0       0       0       0       0       0       0
      Totals:         0       0       0       0       0       0       0       0       0       0       0       0       0       0       0       0       0
Total ram usage:        0 bytes
 Hardware stack levels used:    1
 This function calls:
		Nothing
 This function is called by:
		_Timer1_isr
 This function uses a non-reentrant model


 *************** function _Timer0_isr *****************
 Defined at:
		line 249 in file "pwm_asl.c"
 Parameters:    Size  Location     Type
		None
 Auto vars:     Size  Location     Type
		None
 Return value:  Size  Location     Type
                  1    wreg      void 
 Registers used:
		wreg, status,2, status,0, cstack
 Tracked objects:
		On entry : 
		On exit  : 
		Unchanged: 
 Data sizes:     COMRAM   BANK0   BANK1   BANK2   BANK3   BANK4   BANK5   BANK6   BANK7   BANK8   BANK9  BANK10  BANK11  BANK12  BANK13  BANK14  BANK15
      Params:         0       0       0       0       0       0       0       0       0       0       0       0       0       0       0       0       0
      Locals:         0       0       0       0       0       0       0       0       0       0       0       0       0       0       0       0       0
      Temps:          1       0       0       0       0       0       0       0       0       0       0       0       0       0       0       0       0
      Totals:         1       0       0       0       0       0       0       0       0       0       0       0       0       0       0       0       0
Total ram usage:        1 bytes
 Hardware stack levels used:    1
 Hardware stack levels required when called:    1
 This function calls:
		_reloadTimer0
 This function is called by:
		_highIsr
 This function uses a non-reentrant model


 *************** function _reloadTimer0 *****************
 Defined at:
		line 199 in file "pwm_asl.c"
 Parameters:    Size  Location     Type
		None
 Auto vars:     Size  Location     Type
		None
 Return value:  Size  Location     Type
                  1    wreg      void 
 Registers used:
		wreg, status,2
 Tracked objects:
		On entry : 
		On exit  : 
		Unchanged: 
 Data sizes:     COMRAM   BANK0   BANK1   BANK2   BANK3   BANK4   BANK5   BANK6   BANK7   BANK8   BANK9  BANK10  BANK11  BANK12  BANK13  BANK14  BANK15
      Params:         0       0       0       0       0       0       0       0       0       0       0       0       0       0       0       0       0
      Locals:         0       0       0       0       0       0       0       0       0       0       0       0       0       0       0       0       0
      Temps:          0       0       0       0       0       0       0       0       0       0       0       0       0       0       0       0       0
      Totals:         0       0       0       0       0       0       0       0       0       0       0       0       0       0       0       0       0
Total ram usage:        0 bytes
 Hardware stack levels used:    1
 This function calls:
		Nothing
 This function is called by:
		_Timer0_isr
 This function uses a non-reentrant model


 *************** function _RX_isr *****************
 Defined at:
		line 259 in file "pwm_asl.c"
 Parameters:    Size  Location     Type
		None
 Auto vars:     Size  Location     Type
		None
 Return value:  Size  Location     Type
                  1    wreg      void 
 Registers used:
		wreg, status,2, status,0
 Tracked objects:
		On entry : 
		On exit  : 
		Unchanged: 
 Data sizes:     COMRAM   BANK0   BANK1   BANK2   BANK3   BANK4   BANK5   BANK6   BANK7   BANK8   BANK9  BANK10  BANK11  BANK12  BANK13  BANK14  BANK15
      Params:         0       0       0       0       0       0       0       0       0       0       0       0       0       0       0       0       0
      Locals:         0       0       0       0       0       0       0       0       0       0       0       0       0       0       0       0       0
      Temps:          1       0       0       0       0       0       0       0       0       0       0       0       0       0       0       0       0
      Totals:         1       0       0       0       0       0       0       0       0       0       0       0       0       0       0       0       0
Total ram usage:        1 bytes
 Hardware stack levels used:    1
 This function calls:
		Nothing
 This function is called by:
		_highIsr
 This function uses a non-reentrant model



MODULE INFORMATION

Module		Function		Class		Link	Load	Size
C:\Program Files (x86)\Microchip\xc8\v1.45\sources\common\sprcdiv.c
		___fldiv       		CODE           	2C54	0000	693

C:\Program Files (x86)\Microchip\xc8\v1.45\sources\common\sprcdiv.c estimated size: 693

C:\Program Files (x86)\Microchip\xc8\v1.45\sources\common\flge.c
		___flge        		CODE           	36A0	0000	289

C:\Program Files (x86)\Microchip\xc8\v1.45\sources\common\flge.c estimated size: 289

C:\Program Files (x86)\Microchip\xc8\v1.45\sources\common\doprnt.c
		_scale         		CODE           	2174	0000	1105
		_sprintf       		CODE           	10FE	0000	2473
		_fround        		CODE           	2F08	0000	659

C:\Program Files (x86)\Microchip\xc8\v1.45\sources\common\doprnt.c estimated size: 4237

C:\Program Files (x86)\Microchip\xc8\v1.45\sources\common\Umul16.c
		___wmul        		CODE           	409A	0000	39

C:\Program Files (x86)\Microchip\xc8\v1.45\sources\common\Umul16.c estimated size: 39

my_ser.c
		_send_byte_no_lib		CODE           	4216	0000	17
		_setupSerial   		CODE           	4158	0000	37
		_send_string_no_lib		CODE           	4070	0000	43

my_ser.c estimated size: 97

my_adc.c
		_init_adc_no_lib		CODE           	4226	0000	13
		_read_adc_raw_no_lib		CODE           	3FDA	0000	59
		_read_adc_voltage		CODE           	3C44	0000	131

my_adc.c estimated size: 203

C:\Program Files (x86)\Microchip\xc8\v1.45\sources\common\isdigit.c
		_isdigit       		CODE           	41C0	0000	31

C:\Program Files (x86)\Microchip\xc8\v1.45\sources\common\isdigit.c estimated size: 31

C:\Program Files (x86)\Microchip\xc8\v1.45\sources\common\sprcadd.c
		___flsub       		CODE           	3F08	0000	73
		___fladd       		CODE           	2916	0000	831

C:\Program Files (x86)\Microchip\xc8\v1.45\sources\common\sprcadd.c estimated size: 904

C:\Program Files (x86)\Microchip\xc8\v1.45\sources\common\ftdivl.c
		__tdiv_to_l_   		CODE           	3446	0000	307

C:\Program Files (x86)\Microchip\xc8\v1.45\sources\common\ftdivl.c estimated size: 307

C:\Program Files (x86)\Microchip\xc8\v1.45\sources\common\awmod.c
		___awmod       		CODE           	3CC6	0000	113

C:\Program Files (x86)\Microchip\xc8\v1.45\sources\common\awmod.c estimated size: 113

C:\Program Files (x86)\Microchip\xc8\v1.45\sources\common\llmod.c
		___llmod       		CODE           	3D36	0000	103

C:\Program Files (x86)\Microchip\xc8\v1.45\sources\common\llmod.c estimated size: 103

C:\Program Files (x86)\Microchip\xc8\v1.45\sources\common\fldivl.c
		__div_to_l_    		CODE           	3578	0000	297

C:\Program Files (x86)\Microchip\xc8\v1.45\sources\common\fldivl.c estimated size: 297

C:\Program Files (x86)\Microchip\xc8\v1.45\sources\common\fltol.c
		___fltol       		CODE           	38D4	0000	223

C:\Program Files (x86)\Microchip\xc8\v1.45\sources\common\fltol.c estimated size: 223

shared
		__powers_      		SMALLCONST     	1001	0000	53
		_dpowers       		SMALLCONST     	1069	0000	41
		__npowers_     		SMALLCONST     	1035	0000	53
		__initialization		CODE           	3DFE	0000	81
		i2_delay_ms    		CODE           	410C	0000	39
		i2_reloadTimer1		CODE           	423E	0000	13

shared estimated size: 280

C:\Program Files (x86)\Microchip\xc8\v1.45\sources\common\awdiv.c
		___awdiv       		CODE           	3B3E	0000	133

C:\Program Files (x86)\Microchip\xc8\v1.45\sources\common\awdiv.c estimated size: 133

pwm_asl.c
		_Timer0_isr    		CODE           	4132	0000	39
		_atraso_ms     		CODE           	40E6	0000	39
		_main          		CODE           	1AA6	0000	1743
		_highIsr       		CODE           	0008	0000	219
		_Timer1_isr    		CODE           	37C0	0000	277
		_reloadTimer0  		CODE           	424A	0000	11
		_reloadTimer1  		CODE           	4232	0000	13
		_initTimers00  		CODE           	419E	0000	35
		_initTimers01  		CODE           	41FC	0000	27
		_setupPorts    		CODE           	41DE	0000	31
		_RX_isr        		CODE           	3A86	0000	185

pwm_asl.c estimated size: 2619

C:\Program Files (x86)\Microchip\xc8\v1.45\sources\common\lldiv.c
		___lldiv       		CODE           	3BC2	0000	131

C:\Program Files (x86)\Microchip\xc8\v1.45\sources\common\lldiv.c estimated size: 131

C:\Program Files (x86)\Microchip\xc8\v1.45\sources\common\xxtofl.c
		___xxtofl      		CODE           	32F6	0000	337

C:\Program Files (x86)\Microchip\xc8\v1.45\sources\common\xxtofl.c estimated size: 337

lcd_x8.c
		_lcd_putc      		CODE           	3EB2	0000	87
		_lcd_puts      		CODE           	3E5C	0000	87
		_lcd_send_byte 		CODE           	3F50	0000	73
		_lcd_gotoxy    		CODE           	3F98	0000	67
		_lcd_send_nibble		CODE           	417C	0000	35
		_delay_ms      		CODE           	40C0	0000	39
		_lcd_init      		CODE           	3D9C	0000	99
		_delay_cycles  		CODE           	4042	0000	47

lcd_x8.c estimated size: 534

display7ss.c
		_display7s     		CODE           	319A	0000	349

display7ss.c estimated size: 349

C:\Program Files (x86)\Microchip\xc8\v1.45\sources\common\flneg.c
		___flneg       		CODE           	4014	0000	47

C:\Program Files (x86)\Microchip\xc8\v1.45\sources\common\flneg.c estimated size: 47

C:\Program Files (x86)\Microchip\xc8\v1.45\sources\common\sprcmul.c
		___flmul       		CODE           	25C4	0000	851

C:\Program Files (x86)\Microchip\xc8\v1.45\sources\common\sprcmul.c estimated size: 851

